Archive member included because of file (symbol)

f:/amit_embeded_systems/emb_prog/sdk_win_64/sdk_win_64/winavr/bin/../lib/gcc/avr/4.3.3/avr5\libgcc.a(_udivmodqi4.o)
                              ./SevenSegment_Program.o (__udivmodqi4)
f:/amit_embeded_systems/emb_prog/sdk_win_64/sdk_win_64/winavr/bin/../lib/gcc/avr/4.3.3/avr5\libgcc.a(_udivmodhi4.o)
                              ./Project.o (__udivmodhi4)
f:/amit_embeded_systems/emb_prog/sdk_win_64/sdk_win_64/winavr/bin/../lib/gcc/avr/4.3.3/avr5\libgcc.a(_divmodhi4.o)
                              ./SevenSegment_Program.o (__divmodhi4)
f:/amit_embeded_systems/emb_prog/sdk_win_64/sdk_win_64/winavr/bin/../lib/gcc/avr/4.3.3/avr5\libgcc.a(_exit.o)
                              f:/amit_embeded_systems/emb_prog/sdk_win_64/sdk_win_64/winavr/bin/../lib/gcc/avr/4.3.3/../../../../avr/lib/avr5/crtm16.o (exit)
f:/amit_embeded_systems/emb_prog/sdk_win_64/sdk_win_64/winavr/bin/../lib/gcc/avr/4.3.3/avr5\libgcc.a(_copy_data.o)
                              ./Project.o (__do_copy_data)
f:/amit_embeded_systems/emb_prog/sdk_win_64/sdk_win_64/winavr/bin/../lib/gcc/avr/4.3.3/avr5\libgcc.a(_clear_bss.o)
                              ./ADC_Program.o (__do_clear_bss)
f:/amit_embeded_systems/emb_prog/sdk_win_64/sdk_win_64/winavr/bin/../lib/gcc/avr/4.3.3/avr5\libgcc.a(_fixunssfsi.o)
                              ./Project.o (__fixunssfsi)
f:/amit_embeded_systems/emb_prog/sdk_win_64/sdk_win_64/winavr/bin/../lib/gcc/avr/4.3.3/avr5\libgcc.a(_addsub_sf.o)
                              f:/amit_embeded_systems/emb_prog/sdk_win_64/sdk_win_64/winavr/bin/../lib/gcc/avr/4.3.3/avr5\libgcc.a(_fixunssfsi.o) (__subsf3)
f:/amit_embeded_systems/emb_prog/sdk_win_64/sdk_win_64/winavr/bin/../lib/gcc/avr/4.3.3/avr5\libgcc.a(_mul_sf.o)
                              ./Project.o (__mulsf3)
f:/amit_embeded_systems/emb_prog/sdk_win_64/sdk_win_64/winavr/bin/../lib/gcc/avr/4.3.3/avr5\libgcc.a(_div_sf.o)
                              ./Project.o (__divsf3)
f:/amit_embeded_systems/emb_prog/sdk_win_64/sdk_win_64/winavr/bin/../lib/gcc/avr/4.3.3/avr5\libgcc.a(_gt_sf.o)
                              ./Project.o (__gtsf2)
f:/amit_embeded_systems/emb_prog/sdk_win_64/sdk_win_64/winavr/bin/../lib/gcc/avr/4.3.3/avr5\libgcc.a(_ge_sf.o)
                              f:/amit_embeded_systems/emb_prog/sdk_win_64/sdk_win_64/winavr/bin/../lib/gcc/avr/4.3.3/avr5\libgcc.a(_fixunssfsi.o) (__gesf2)
f:/amit_embeded_systems/emb_prog/sdk_win_64/sdk_win_64/winavr/bin/../lib/gcc/avr/4.3.3/avr5\libgcc.a(_lt_sf.o)
                              ./Project.o (__ltsf2)
f:/amit_embeded_systems/emb_prog/sdk_win_64/sdk_win_64/winavr/bin/../lib/gcc/avr/4.3.3/avr5\libgcc.a(_sf_to_si.o)
                              f:/amit_embeded_systems/emb_prog/sdk_win_64/sdk_win_64/winavr/bin/../lib/gcc/avr/4.3.3/avr5\libgcc.a(_fixunssfsi.o) (__fixsfsi)
f:/amit_embeded_systems/emb_prog/sdk_win_64/sdk_win_64/winavr/bin/../lib/gcc/avr/4.3.3/avr5\libgcc.a(_thenan_sf.o)
                              f:/amit_embeded_systems/emb_prog/sdk_win_64/sdk_win_64/winavr/bin/../lib/gcc/avr/4.3.3/avr5\libgcc.a(_addsub_sf.o) (__thenan_sf)
f:/amit_embeded_systems/emb_prog/sdk_win_64/sdk_win_64/winavr/bin/../lib/gcc/avr/4.3.3/avr5\libgcc.a(_usi_to_sf.o)
                              ./Project.o (__floatunsisf)
f:/amit_embeded_systems/emb_prog/sdk_win_64/sdk_win_64/winavr/bin/../lib/gcc/avr/4.3.3/avr5\libgcc.a(_prologue.o)
                              f:/amit_embeded_systems/emb_prog/sdk_win_64/sdk_win_64/winavr/bin/../lib/gcc/avr/4.3.3/avr5\libgcc.a(_addsub_sf.o) (__prologue_saves__)
f:/amit_embeded_systems/emb_prog/sdk_win_64/sdk_win_64/winavr/bin/../lib/gcc/avr/4.3.3/avr5\libgcc.a(_epilogue.o)
                              f:/amit_embeded_systems/emb_prog/sdk_win_64/sdk_win_64/winavr/bin/../lib/gcc/avr/4.3.3/avr5\libgcc.a(_addsub_sf.o) (__epilogue_restores__)
f:/amit_embeded_systems/emb_prog/sdk_win_64/sdk_win_64/winavr/bin/../lib/gcc/avr/4.3.3/avr5\libgcc.a(_clzsi2.o)
                              f:/amit_embeded_systems/emb_prog/sdk_win_64/sdk_win_64/winavr/bin/../lib/gcc/avr/4.3.3/avr5\libgcc.a(_usi_to_sf.o) (__clzsi2)
f:/amit_embeded_systems/emb_prog/sdk_win_64/sdk_win_64/winavr/bin/../lib/gcc/avr/4.3.3/avr5\libgcc.a(_pack_sf.o)
                              f:/amit_embeded_systems/emb_prog/sdk_win_64/sdk_win_64/winavr/bin/../lib/gcc/avr/4.3.3/avr5\libgcc.a(_addsub_sf.o) (__pack_f)
f:/amit_embeded_systems/emb_prog/sdk_win_64/sdk_win_64/winavr/bin/../lib/gcc/avr/4.3.3/avr5\libgcc.a(_unpack_sf.o)
                              f:/amit_embeded_systems/emb_prog/sdk_win_64/sdk_win_64/winavr/bin/../lib/gcc/avr/4.3.3/avr5\libgcc.a(_addsub_sf.o) (__unpack_f)
f:/amit_embeded_systems/emb_prog/sdk_win_64/sdk_win_64/winavr/bin/../lib/gcc/avr/4.3.3/avr5\libgcc.a(_fpcmp_parts_sf.o)
                              f:/amit_embeded_systems/emb_prog/sdk_win_64/sdk_win_64/winavr/bin/../lib/gcc/avr/4.3.3/avr5\libgcc.a(_gt_sf.o) (__fpcmp_parts_f)
f:/amit_embeded_systems/emb_prog/sdk_win_64/sdk_win_64/winavr/bin/../lib/gcc/avr/4.3.3/avr5\libgcc.a(_clz.o)
                              f:/amit_embeded_systems/emb_prog/sdk_win_64/sdk_win_64/winavr/bin/../lib/gcc/avr/4.3.3/avr5\libgcc.a(_clzsi2.o) (__clz_tab)

Allocating common symbols
Common symbol       size              file

CallBackFun2        0x2               ./EXTI_Program.o
Pin_Number          0x1               ./DIO_Program.o
CallBackFun0        0x2               ./EXTI_Program.o
CallBackFun         0x2               ./ADC_Program.o
CallBackFun1        0x2               ./EXTI_Program.o
Display_num         0x1               ./Project.o
PReturnFun          0x2               ./TIMER1_Program.o
Flag                0x1               ./Project.o

Memory Configuration

Name             Origin             Length             Attributes
text             0x00000000         0x00020000         xr
data             0x00800060         0x0000ffa0         rw !x
eeprom           0x00810000         0x00010000         rw !x
fuse             0x00820000         0x00000400         rw !x
lock             0x00830000         0x00000400         rw !x
signature        0x00840000         0x00000400         rw !x
*default*        0x00000000         0xffffffff

Linker script and memory map

LOAD f:/amit_embeded_systems/emb_prog/sdk_win_64/sdk_win_64/winavr/bin/../lib/gcc/avr/4.3.3/../../../../avr/lib/avr5/crtm16.o
LOAD ./ADC_Program.o
LOAD ./DIO_Program.o
LOAD ./EEPROM_Program.o
LOAD ./EXTI_Program.o
LOAD ./GIE_Program.o
LOAD ./ON_OFF_Button_Program.o
LOAD ./Project.o
LOAD ./SevenSegment_Program.o
LOAD ./TIMER1_Program.o
LOAD ./TIMER_Program.o
LOAD ./TWI_Program.o
LOAD ./main.o
LOAD f:/amit_embeded_systems/emb_prog/sdk_win_64/sdk_win_64/winavr/bin/../lib/gcc/avr/4.3.3/avr5\libgcc.a
LOAD f:/amit_embeded_systems/emb_prog/sdk_win_64/sdk_win_64/winavr/bin/../lib/gcc/avr/4.3.3/../../../../avr/lib/avr5\libc.a
LOAD f:/amit_embeded_systems/emb_prog/sdk_win_64/sdk_win_64/winavr/bin/../lib/gcc/avr/4.3.3/avr5\libgcc.a

.hash
 *(.hash)

.dynsym
 *(.dynsym)

.dynstr
 *(.dynstr)

.gnu.version
 *(.gnu.version)

.gnu.version_d
 *(.gnu.version_d)

.gnu.version_r
 *(.gnu.version_r)

.rel.init
 *(.rel.init)

.rela.init
 *(.rela.init)

.rel.text
 *(.rel.text)
 *(.rel.text.*)
 *(.rel.gnu.linkonce.t*)

.rela.text
 *(.rela.text)
 *(.rela.text.*)
 *(.rela.gnu.linkonce.t*)

.rel.fini
 *(.rel.fini)

.rela.fini
 *(.rela.fini)

.rel.rodata
 *(.rel.rodata)
 *(.rel.rodata.*)
 *(.rel.gnu.linkonce.r*)

.rela.rodata
 *(.rela.rodata)
 *(.rela.rodata.*)
 *(.rela.gnu.linkonce.r*)

.rel.data
 *(.rel.data)
 *(.rel.data.*)
 *(.rel.gnu.linkonce.d*)

.rela.data
 *(.rela.data)
 *(.rela.data.*)
 *(.rela.gnu.linkonce.d*)

.rel.ctors
 *(.rel.ctors)

.rela.ctors
 *(.rela.ctors)

.rel.dtors
 *(.rel.dtors)

.rela.dtors
 *(.rela.dtors)

.rel.got
 *(.rel.got)

.rela.got
 *(.rela.got)

.rel.bss
 *(.rel.bss)

.rela.bss
 *(.rela.bss)

.rel.plt
 *(.rel.plt)

.rela.plt
 *(.rela.plt)

.text           0x00000000     0x324e
 *(.vectors)
 .vectors       0x00000000       0x54 f:/amit_embeded_systems/emb_prog/sdk_win_64/sdk_win_64/winavr/bin/../lib/gcc/avr/4.3.3/../../../../avr/lib/avr5/crtm16.o
                0x00000000                __vectors
                0x00000000                __vector_default
 *(.vectors)
 *(.progmem.gcc*)
 *(.progmem*)
                0x00000054                . = ALIGN (0x2)
                0x00000054                __trampolines_start = .
 *(.trampolines)
 .trampolines   0x00000054        0x0 linker stubs
 *(.trampolines*)
                0x00000054                __trampolines_end = .
 *(.jumptables)
 *(.jumptables*)
 *(.lowtext)
 *(.lowtext*)
                0x00000054                __ctors_start = .
 *(.ctors)
                0x00000054                __ctors_end = .
                0x00000054                __dtors_start = .
 *(.dtors)
                0x00000054                __dtors_end = .
 SORT(*)(.ctors)
 SORT(*)(.dtors)
 *(.init0)
 .init0         0x00000054        0x0 f:/amit_embeded_systems/emb_prog/sdk_win_64/sdk_win_64/winavr/bin/../lib/gcc/avr/4.3.3/../../../../avr/lib/avr5/crtm16.o
                0x00000054                __init
 *(.init0)
 *(.init1)
 *(.init1)
 *(.init2)
 .init2         0x00000054        0xc f:/amit_embeded_systems/emb_prog/sdk_win_64/sdk_win_64/winavr/bin/../lib/gcc/avr/4.3.3/../../../../avr/lib/avr5/crtm16.o
 *(.init2)
 *(.init3)
 *(.init3)
 *(.init4)
 .init4         0x00000060       0x16 f:/amit_embeded_systems/emb_prog/sdk_win_64/sdk_win_64/winavr/bin/../lib/gcc/avr/4.3.3/avr5\libgcc.a(_copy_data.o)
                0x00000060                __do_copy_data
 .init4         0x00000076       0x10 f:/amit_embeded_systems/emb_prog/sdk_win_64/sdk_win_64/winavr/bin/../lib/gcc/avr/4.3.3/avr5\libgcc.a(_clear_bss.o)
                0x00000076                __do_clear_bss
 *(.init4)
 *(.init5)
 *(.init5)
 *(.init6)
 *(.init6)
 *(.init7)
 *(.init7)
 *(.init8)
 *(.init8)
 *(.init9)
 .init9         0x00000086        0x8 f:/amit_embeded_systems/emb_prog/sdk_win_64/sdk_win_64/winavr/bin/../lib/gcc/avr/4.3.3/../../../../avr/lib/avr5/crtm16.o
 *(.init9)
 *(.text)
 .text          0x0000008e        0x4 f:/amit_embeded_systems/emb_prog/sdk_win_64/sdk_win_64/winavr/bin/../lib/gcc/avr/4.3.3/../../../../avr/lib/avr5/crtm16.o
                0x0000008e                __vector_12
                0x0000008e                __bad_interrupt
                0x0000008e                __vector_6
                0x0000008e                __vector_11
                0x0000008e                __vector_13
                0x0000008e                __vector_17
                0x0000008e                __vector_19
                0x0000008e                __vector_5
                0x0000008e                __vector_4
                0x0000008e                __vector_9
                0x0000008e                __vector_15
                0x0000008e                __vector_8
                0x0000008e                __vector_14
                0x0000008e                __vector_18
                0x0000008e                __vector_20
 .text          0x00000092        0x0 ./ADC_Program.o
 .text          0x00000092        0x0 ./DIO_Program.o
 .text          0x00000092        0x0 ./EEPROM_Program.o
 .text          0x00000092        0x0 ./EXTI_Program.o
 .text          0x00000092        0x0 ./GIE_Program.o
 .text          0x00000092        0x0 ./ON_OFF_Button_Program.o
 .text          0x00000092        0x0 ./Project.o
 .text          0x00000092        0x0 ./SevenSegment_Program.o
 .text          0x00000092        0x0 ./TIMER1_Program.o
 .text          0x00000092        0x0 ./TIMER_Program.o
 .text          0x00000092        0x0 ./TWI_Program.o
 .text          0x00000092        0x0 ./main.o
 .text          0x00000092        0x0 f:/amit_embeded_systems/emb_prog/sdk_win_64/sdk_win_64/winavr/bin/../lib/gcc/avr/4.3.3/avr5\libgcc.a(_udivmodqi4.o)
 .text          0x00000092        0x0 f:/amit_embeded_systems/emb_prog/sdk_win_64/sdk_win_64/winavr/bin/../lib/gcc/avr/4.3.3/avr5\libgcc.a(_udivmodhi4.o)
 .text          0x00000092        0x0 f:/amit_embeded_systems/emb_prog/sdk_win_64/sdk_win_64/winavr/bin/../lib/gcc/avr/4.3.3/avr5\libgcc.a(_divmodhi4.o)
 .text          0x00000092        0x0 f:/amit_embeded_systems/emb_prog/sdk_win_64/sdk_win_64/winavr/bin/../lib/gcc/avr/4.3.3/avr5\libgcc.a(_exit.o)
 .text          0x00000092        0x0 f:/amit_embeded_systems/emb_prog/sdk_win_64/sdk_win_64/winavr/bin/../lib/gcc/avr/4.3.3/avr5\libgcc.a(_copy_data.o)
 .text          0x00000092        0x0 f:/amit_embeded_systems/emb_prog/sdk_win_64/sdk_win_64/winavr/bin/../lib/gcc/avr/4.3.3/avr5\libgcc.a(_clear_bss.o)
 .text          0x00000092       0x58 f:/amit_embeded_systems/emb_prog/sdk_win_64/sdk_win_64/winavr/bin/../lib/gcc/avr/4.3.3/avr5\libgcc.a(_fixunssfsi.o)
                0x00000092                __fixunssfsi
 .text          0x000000ea      0x354 f:/amit_embeded_systems/emb_prog/sdk_win_64/sdk_win_64/winavr/bin/../lib/gcc/avr/4.3.3/avr5\libgcc.a(_addsub_sf.o)
                0x00000382                __subsf3
                0x000003e4                __addsf3
 .text          0x0000043e      0x1f4 f:/amit_embeded_systems/emb_prog/sdk_win_64/sdk_win_64/winavr/bin/../lib/gcc/avr/4.3.3/avr5\libgcc.a(_mul_sf.o)
                0x0000043e                __mulsf3
 .text          0x00000632      0x158 f:/amit_embeded_systems/emb_prog/sdk_win_64/sdk_win_64/winavr/bin/../lib/gcc/avr/4.3.3/avr5\libgcc.a(_div_sf.o)
                0x00000632                __divsf3
 .text          0x0000078a       0x60 f:/amit_embeded_systems/emb_prog/sdk_win_64/sdk_win_64/winavr/bin/../lib/gcc/avr/4.3.3/avr5\libgcc.a(_gt_sf.o)
                0x0000078a                __gtsf2
 .text          0x000007ea       0x60 f:/amit_embeded_systems/emb_prog/sdk_win_64/sdk_win_64/winavr/bin/../lib/gcc/avr/4.3.3/avr5\libgcc.a(_ge_sf.o)
                0x000007ea                __gesf2
 .text          0x0000084a       0x60 f:/amit_embeded_systems/emb_prog/sdk_win_64/sdk_win_64/winavr/bin/../lib/gcc/avr/4.3.3/avr5\libgcc.a(_lt_sf.o)
                0x0000084a                __ltsf2
 .text          0x000008aa       0xa8 f:/amit_embeded_systems/emb_prog/sdk_win_64/sdk_win_64/winavr/bin/../lib/gcc/avr/4.3.3/avr5\libgcc.a(_sf_to_si.o)
                0x000008aa                __fixsfsi
 .text          0x00000952        0x0 f:/amit_embeded_systems/emb_prog/sdk_win_64/sdk_win_64/winavr/bin/../lib/gcc/avr/4.3.3/avr5\libgcc.a(_thenan_sf.o)
 .text          0x00000952       0xf2 f:/amit_embeded_systems/emb_prog/sdk_win_64/sdk_win_64/winavr/bin/../lib/gcc/avr/4.3.3/avr5\libgcc.a(_usi_to_sf.o)
                0x00000952                __floatunsisf
 .text          0x00000a44        0x0 f:/amit_embeded_systems/emb_prog/sdk_win_64/sdk_win_64/winavr/bin/../lib/gcc/avr/4.3.3/avr5\libgcc.a(_prologue.o)
 .text          0x00000a44        0x0 f:/amit_embeded_systems/emb_prog/sdk_win_64/sdk_win_64/winavr/bin/../lib/gcc/avr/4.3.3/avr5\libgcc.a(_epilogue.o)
 .text          0x00000a44       0x9e f:/amit_embeded_systems/emb_prog/sdk_win_64/sdk_win_64/winavr/bin/../lib/gcc/avr/4.3.3/avr5\libgcc.a(_clzsi2.o)
                0x00000a44                __clzsi2
 .text          0x00000ae2      0x1aa f:/amit_embeded_systems/emb_prog/sdk_win_64/sdk_win_64/winavr/bin/../lib/gcc/avr/4.3.3/avr5\libgcc.a(_pack_sf.o)
                0x00000ae2                __pack_f
 .text          0x00000c8c       0xf0 f:/amit_embeded_systems/emb_prog/sdk_win_64/sdk_win_64/winavr/bin/../lib/gcc/avr/4.3.3/avr5\libgcc.a(_unpack_sf.o)
                0x00000c8c                __unpack_f
 .text          0x00000d7c       0xb2 f:/amit_embeded_systems/emb_prog/sdk_win_64/sdk_win_64/winavr/bin/../lib/gcc/avr/4.3.3/avr5\libgcc.a(_fpcmp_parts_sf.o)
                0x00000d7c                __fpcmp_parts_f
 .text          0x00000e2e        0x0 f:/amit_embeded_systems/emb_prog/sdk_win_64/sdk_win_64/winavr/bin/../lib/gcc/avr/4.3.3/avr5\libgcc.a(_clz.o)
                0x00000e2e                . = ALIGN (0x2)
 *(.text.*)
 .text.ADC_voidInit
                0x00000e2e       0x70 ./ADC_Program.o
                0x00000e2e                ADC_voidInit
 .text.ADC_u16StartConversion
                0x00000e9e       0x68 ./ADC_Program.o
                0x00000e9e                ADC_u16StartConversion
 .text.ADC_voidInit_Interrupt
                0x00000f06       0x7e ./ADC_Program.o
                0x00000f06                ADC_voidInit_Interrupt
 .text.ADC_INTERRUPT_DISABLE
                0x00000f84       0x1c ./ADC_Program.o
                0x00000f84                ADC_INTERRUPT_DISABLE
 .text.ADC_INTERRUPT_ENABLE
                0x00000fa0       0x1c ./ADC_Program.o
                0x00000fa0                ADC_INTERRUPT_ENABLE
 .text.ADC_u16StartConversion_Interrupt
                0x00000fbc       0x46 ./ADC_Program.o
                0x00000fbc                ADC_u16StartConversion_Interrupt
 .text.ADC_u16DigitalRead
                0x00001002       0x16 ./ADC_Program.o
                0x00001002                ADC_u16DigitalRead
 .text.ADC_voidSet_CallBackFunction
                0x00001018       0x24 ./ADC_Program.o
                0x00001018                ADC_voidSet_CallBackFunction
 .text.__vector_16
                0x0000103c       0x5a ./ADC_Program.o
                0x0000103c                __vector_16
 .text.DIO_u8SetPinDirection
                0x00001096      0x21e ./DIO_Program.o
                0x00001096                DIO_u8SetPinDirection
 .text.DIO_u8SetPinValue
                0x000012b4      0x206 ./DIO_Program.o
                0x000012b4                DIO_u8SetPinValue
 .text.DIO_u8SetPortValue
                0x000014ba       0x82 ./DIO_Program.o
                0x000014ba                DIO_u8SetPortValue
 .text.DIO_u8SetPortDirection
                0x0000153c       0x82 ./DIO_Program.o
                0x0000153c                DIO_u8SetPortDirection
 .text.DIO_u8GetPinValue
                0x000015be      0x124 ./DIO_Program.o
                0x000015be                DIO_u8GetPinValue
 .text.EEPROM_Init
                0x000016e2       0x12 ./EEPROM_Program.o
                0x000016e2                EEPROM_Init
 .text.EEPROM_Write_Byte
                0x000016f4       0x82 ./EEPROM_Program.o
                0x000016f4                EEPROM_Write_Byte
 .text.EEPROM_Read_Byte
                0x00001776       0xc0 ./EEPROM_Program.o
                0x00001776                EEPROM_Read_Byte
 .text.EXTI_voidINT0_Init
                0x00001836       0x38 ./EXTI_Program.o
                0x00001836                EXTI_voidINT0_Init
 .text.EXTI_voidINT1_Init
                0x0000186e       0x38 ./EXTI_Program.o
                0x0000186e                EXTI_voidINT1_Init
 .text.EXTI_voidINT2_Init
                0x000018a6       0x2a ./EXTI_Program.o
                0x000018a6                EXTI_voidINT2_Init
 .text.EXTI_voidSet_SenseControl
                0x000018d0       0xce ./EXTI_Program.o
                0x000018d0                EXTI_voidSet_SenseControl
 .text.EXT0_voidSet_CallBackFunction
                0x0000199e       0x24 ./EXTI_Program.o
                0x0000199e                EXT0_voidSet_CallBackFunction
 .text.EXT1_voidSet_CallBackFunction
                0x000019c2       0x24 ./EXTI_Program.o
                0x000019c2                EXT1_voidSet_CallBackFunction
 .text.EXT2_voidSet_CallBackFunction
                0x000019e6       0x24 ./EXTI_Program.o
                0x000019e6                EXT2_voidSet_CallBackFunction
 .text.__vector_1
                0x00001a0a       0x5a ./EXTI_Program.o
                0x00001a0a                __vector_1
 .text.__vector_2
                0x00001a64       0x5a ./EXTI_Program.o
                0x00001a64                __vector_2
 .text.__vector_3
                0x00001abe       0x5a ./EXTI_Program.o
                0x00001abe                __vector_3
 .text.GIE_voidEnable
                0x00001b18       0x1c ./GIE_Program.o
                0x00001b18                GIE_voidEnable
 .text.GIE_voidDisable
                0x00001b34       0x1c ./GIE_Program.o
                0x00001b34                GIE_voidDisable
 .text.INC_5_BUTTON
                0x00001b50       0x2e ./ON_OFF_Button_Program.o
                0x00001b50                INC_5_BUTTON
 .text.DEC_5_BUTTON
                0x00001b7e       0x2e ./ON_OFF_Button_Program.o
                0x00001b7e                DEC_5_BUTTON
 .text.project_init
                0x00001bac      0x104 ./Project.o
                0x00001bac                project_init
 .text.Temp_Setting_Mode
                0x00001cb0      0x7fc ./Project.o
                0x00001cb0                Temp_Setting_Mode
 .text.compare_temp
                0x000024ac       0x5e ./Project.o
                0x000024ac                compare_temp
 .text.Toggle_led
                0x0000250a      0x202 ./Project.o
                0x0000250a                Toggle_led
 .text.Heater_ON
                0x0000270c       0x18 ./Project.o
                0x0000270c                Heater_ON
 .text.Heater_OFF
                0x00002724       0x18 ./Project.o
                0x00002724                Heater_OFF
 .text.CoolingElement_ON
                0x0000273c       0x18 ./Project.o
                0x0000273c                CoolingElement_ON
 .text.CoolingElement_OFF
                0x00002754       0x18 ./Project.o
                0x00002754                CoolingElement_OFF
 .text.Button_APP
                0x0000276c       0x7e ./Project.o
                0x0000276c                Button_APP
 .text.UP_Button
                0x000027ea       0x48 ./Project.o
                0x000027ea                UP_Button
 .text.DOWN_Button
                0x00002832       0x48 ./Project.o
                0x00002832                DOWN_Button
 .text.ADC_SensorTemperature
                0x0000287a      0x136 ./Project.o
                0x0000287a                ADC_SensorTemperature
 .text.Timer1_Interrupt_Function
                0x000029b0       0x3c ./Project.o
                0x000029b0                Timer1_Interrupt_Function
 .text.Return_ReadingOfSensor
                0x000029ec       0x2a ./Project.o
                0x000029ec                Return_ReadingOfSensor
 .text.Return_SetTemp
                0x00002a16       0x12 ./Project.o
                0x00002a16                Return_SetTemp
 .text.Return_Mode
                0x00002a28       0x12 ./Project.o
                0x00002a28                Return_Mode
 .text.SevenSegment_INIT
                0x00002a3a       0x4a ./SevenSegment_Program.o
                0x00002a3a                SevenSegment_INIT
 .text.SevenSegment_ON
                0x00002a84       0x32 ./SevenSegment_Program.o
                0x00002a84                SevenSegment_ON
 .text.SevenSegment_OFF
                0x00002ab6       0x22 ./SevenSegment_Program.o
                0x00002ab6                SevenSegment_OFF
 .text.Send_Number
                0x00002ad8      0x2ee ./SevenSegment_Program.o
                0x00002ad8                Send_Number
 .text.TIMER1_voidInit
                0x00002dc6       0x92 ./TIMER1_Program.o
                0x00002dc6                TIMER1_voidInit
 .text.TIMER1_voidSetICR1Value
                0x00002e58       0x24 ./TIMER1_Program.o
                0x00002e58                TIMER1_voidSetICR1Value
 .text.TIMER1_voidSetOCR1AValue
                0x00002e7c       0x24 ./TIMER1_Program.o
                0x00002e7c                TIMER1_voidSetOCR1AValue
 .text.TIMER1_voidCallBackFunction
                0x00002ea0       0x24 ./TIMER1_Program.o
                0x00002ea0                TIMER1_voidCallBackFunction
 .text.__vector_7
                0x00002ec4       0x5a ./TIMER1_Program.o
                0x00002ec4                __vector_7
 .text.TIMER0_voidInit
                0x00002f1e       0x70 ./TIMER_Program.o
                0x00002f1e                TIMER0_voidInit
 .text.TIMER0_voidSetPrLoad
                0x00002f8e       0x1c ./TIMER_Program.o
                0x00002f8e                TIMER0_voidSetPrLoad
 .text.TIMER0_voidSetCTCValue
                0x00002faa       0x1c ./TIMER_Program.o
                0x00002faa                TIMER0_voidSetCTCValue
 .text.TIMER0_voidSet_CallBackFunction
                0x00002fc6       0x24 ./TIMER_Program.o
                0x00002fc6                TIMER0_voidSet_CallBackFunction
 .text.__vector_10
                0x00002fea       0x5a ./TIMER_Program.o
                0x00002fea                __vector_10
 .text.TWI_voidInit
                0x00003044       0x2c ./TWI_Program.o
                0x00003044                TWI_voidInit
 .text.TWI_voidStartCondition
                0x00003070       0x20 ./TWI_Program.o
                0x00003070                TWI_voidStartCondition
 .text.TWI_voidStopCondition
                0x00003090       0x16 ./TWI_Program.o
                0x00003090                TWI_voidStopCondition
 .text.TWI_voidWrite
                0x000030a6       0x2e ./TWI_Program.o
                0x000030a6                TWI_voidWrite
 .text.TWI_u8ReadWithAck
                0x000030d4       0x26 ./TWI_Program.o
                0x000030d4                TWI_u8ReadWithAck
 .text.TWI_u8ReadWithNAck
                0x000030fa       0x26 ./TWI_Program.o
                0x000030fa                TWI_u8ReadWithNAck
 .text.TWI_u8getStatus
                0x00003120       0x1e ./TWI_Program.o
                0x00003120                TWI_u8getStatus
 .text.main     0x0000313e       0x38 ./main.o
                0x0000313e                main
 .text.libgcc   0x00003176       0x18 f:/amit_embeded_systems/emb_prog/sdk_win_64/sdk_win_64/winavr/bin/../lib/gcc/avr/4.3.3/avr5\libgcc.a(_udivmodqi4.o)
                0x00003176                __udivmodqi4
 .text.libgcc   0x0000318e       0x28 f:/amit_embeded_systems/emb_prog/sdk_win_64/sdk_win_64/winavr/bin/../lib/gcc/avr/4.3.3/avr5\libgcc.a(_udivmodhi4.o)
                0x0000318e                __udivmodhi4
 .text.libgcc   0x000031b6       0x26 f:/amit_embeded_systems/emb_prog/sdk_win_64/sdk_win_64/winavr/bin/../lib/gcc/avr/4.3.3/avr5\libgcc.a(_divmodhi4.o)
                0x000031b6                __divmodhi4
                0x000031b6                _div
 .text.libgcc   0x000031dc        0x0 f:/amit_embeded_systems/emb_prog/sdk_win_64/sdk_win_64/winavr/bin/../lib/gcc/avr/4.3.3/avr5\libgcc.a(_exit.o)
 .text.libgcc   0x000031dc        0x0 f:/amit_embeded_systems/emb_prog/sdk_win_64/sdk_win_64/winavr/bin/../lib/gcc/avr/4.3.3/avr5\libgcc.a(_copy_data.o)
 .text.libgcc   0x000031dc        0x0 f:/amit_embeded_systems/emb_prog/sdk_win_64/sdk_win_64/winavr/bin/../lib/gcc/avr/4.3.3/avr5\libgcc.a(_clear_bss.o)
 .text.libgcc   0x000031dc       0x38 f:/amit_embeded_systems/emb_prog/sdk_win_64/sdk_win_64/winavr/bin/../lib/gcc/avr/4.3.3/avr5\libgcc.a(_prologue.o)
                0x000031dc                __prologue_saves__
 .text.libgcc   0x00003214       0x36 f:/amit_embeded_systems/emb_prog/sdk_win_64/sdk_win_64/winavr/bin/../lib/gcc/avr/4.3.3/avr5\libgcc.a(_epilogue.o)
                0x00003214                __epilogue_restores__
                0x0000324a                . = ALIGN (0x2)
 *(.fini9)
 .fini9         0x0000324a        0x0 f:/amit_embeded_systems/emb_prog/sdk_win_64/sdk_win_64/winavr/bin/../lib/gcc/avr/4.3.3/avr5\libgcc.a(_exit.o)
                0x0000324a                exit
                0x0000324a                _exit
 *(.fini9)
 *(.fini8)
 *(.fini8)
 *(.fini7)
 *(.fini7)
 *(.fini6)
 *(.fini6)
 *(.fini5)
 *(.fini5)
 *(.fini4)
 *(.fini4)
 *(.fini3)
 *(.fini3)
 *(.fini2)
 *(.fini2)
 *(.fini1)
 *(.fini1)
 *(.fini0)
 .fini0         0x0000324a        0x4 f:/amit_embeded_systems/emb_prog/sdk_win_64/sdk_win_64/winavr/bin/../lib/gcc/avr/4.3.3/avr5\libgcc.a(_exit.o)
 *(.fini0)
                0x0000324e                _etext = .

.data           0x00800060      0x10e load address 0x0000324e
                0x00800060                PROVIDE (__data_start, .)
 *(.data)
 .data          0x00800060        0x0 f:/amit_embeded_systems/emb_prog/sdk_win_64/sdk_win_64/winavr/bin/../lib/gcc/avr/4.3.3/../../../../avr/lib/avr5/crtm16.o
 .data          0x00800060        0x0 ./ADC_Program.o
 .data          0x00800060        0x0 ./DIO_Program.o
 .data          0x00800060        0x0 ./EEPROM_Program.o
 .data          0x00800060        0x0 ./EXTI_Program.o
 .data          0x00800060        0x0 ./GIE_Program.o
 .data          0x00800060        0x0 ./ON_OFF_Button_Program.o
 .data          0x00800060        0x0 ./Project.o
 .data          0x00800060        0x0 ./SevenSegment_Program.o
 .data          0x00800060        0x0 ./TIMER1_Program.o
 .data          0x00800060        0x0 ./TIMER_Program.o
 .data          0x00800060        0x0 ./TWI_Program.o
 .data          0x00800060        0x0 ./main.o
 .data          0x00800060        0x0 f:/amit_embeded_systems/emb_prog/sdk_win_64/sdk_win_64/winavr/bin/../lib/gcc/avr/4.3.3/avr5\libgcc.a(_udivmodqi4.o)
 .data          0x00800060        0x0 f:/amit_embeded_systems/emb_prog/sdk_win_64/sdk_win_64/winavr/bin/../lib/gcc/avr/4.3.3/avr5\libgcc.a(_udivmodhi4.o)
 .data          0x00800060        0x0 f:/amit_embeded_systems/emb_prog/sdk_win_64/sdk_win_64/winavr/bin/../lib/gcc/avr/4.3.3/avr5\libgcc.a(_divmodhi4.o)
 .data          0x00800060        0x0 f:/amit_embeded_systems/emb_prog/sdk_win_64/sdk_win_64/winavr/bin/../lib/gcc/avr/4.3.3/avr5\libgcc.a(_exit.o)
 .data          0x00800060        0x0 f:/amit_embeded_systems/emb_prog/sdk_win_64/sdk_win_64/winavr/bin/../lib/gcc/avr/4.3.3/avr5\libgcc.a(_copy_data.o)
 .data          0x00800060        0x0 f:/amit_embeded_systems/emb_prog/sdk_win_64/sdk_win_64/winavr/bin/../lib/gcc/avr/4.3.3/avr5\libgcc.a(_clear_bss.o)
 .data          0x00800060        0x0 f:/amit_embeded_systems/emb_prog/sdk_win_64/sdk_win_64/winavr/bin/../lib/gcc/avr/4.3.3/avr5\libgcc.a(_fixunssfsi.o)
 .data          0x00800060        0x0 f:/amit_embeded_systems/emb_prog/sdk_win_64/sdk_win_64/winavr/bin/../lib/gcc/avr/4.3.3/avr5\libgcc.a(_addsub_sf.o)
 .data          0x00800060        0x0 f:/amit_embeded_systems/emb_prog/sdk_win_64/sdk_win_64/winavr/bin/../lib/gcc/avr/4.3.3/avr5\libgcc.a(_mul_sf.o)
 .data          0x00800060        0x0 f:/amit_embeded_systems/emb_prog/sdk_win_64/sdk_win_64/winavr/bin/../lib/gcc/avr/4.3.3/avr5\libgcc.a(_div_sf.o)
 .data          0x00800060        0x0 f:/amit_embeded_systems/emb_prog/sdk_win_64/sdk_win_64/winavr/bin/../lib/gcc/avr/4.3.3/avr5\libgcc.a(_gt_sf.o)
 .data          0x00800060        0x0 f:/amit_embeded_systems/emb_prog/sdk_win_64/sdk_win_64/winavr/bin/../lib/gcc/avr/4.3.3/avr5\libgcc.a(_ge_sf.o)
 .data          0x00800060        0x0 f:/amit_embeded_systems/emb_prog/sdk_win_64/sdk_win_64/winavr/bin/../lib/gcc/avr/4.3.3/avr5\libgcc.a(_lt_sf.o)
 .data          0x00800060        0x0 f:/amit_embeded_systems/emb_prog/sdk_win_64/sdk_win_64/winavr/bin/../lib/gcc/avr/4.3.3/avr5\libgcc.a(_sf_to_si.o)
 .data          0x00800060        0x8 f:/amit_embeded_systems/emb_prog/sdk_win_64/sdk_win_64/winavr/bin/../lib/gcc/avr/4.3.3/avr5\libgcc.a(_thenan_sf.o)
                0x00800060                __thenan_sf
 .data          0x00800068        0x0 f:/amit_embeded_systems/emb_prog/sdk_win_64/sdk_win_64/winavr/bin/../lib/gcc/avr/4.3.3/avr5\libgcc.a(_usi_to_sf.o)
 .data          0x00800068        0x0 f:/amit_embeded_systems/emb_prog/sdk_win_64/sdk_win_64/winavr/bin/../lib/gcc/avr/4.3.3/avr5\libgcc.a(_prologue.o)
 .data          0x00800068        0x0 f:/amit_embeded_systems/emb_prog/sdk_win_64/sdk_win_64/winavr/bin/../lib/gcc/avr/4.3.3/avr5\libgcc.a(_epilogue.o)
 .data          0x00800068        0x0 f:/amit_embeded_systems/emb_prog/sdk_win_64/sdk_win_64/winavr/bin/../lib/gcc/avr/4.3.3/avr5\libgcc.a(_clzsi2.o)
 .data          0x00800068        0x0 f:/amit_embeded_systems/emb_prog/sdk_win_64/sdk_win_64/winavr/bin/../lib/gcc/avr/4.3.3/avr5\libgcc.a(_pack_sf.o)
 .data          0x00800068        0x0 f:/amit_embeded_systems/emb_prog/sdk_win_64/sdk_win_64/winavr/bin/../lib/gcc/avr/4.3.3/avr5\libgcc.a(_unpack_sf.o)
 .data          0x00800068        0x0 f:/amit_embeded_systems/emb_prog/sdk_win_64/sdk_win_64/winavr/bin/../lib/gcc/avr/4.3.3/avr5\libgcc.a(_fpcmp_parts_sf.o)
 .data          0x00800068      0x100 f:/amit_embeded_systems/emb_prog/sdk_win_64/sdk_win_64/winavr/bin/../lib/gcc/avr/4.3.3/avr5\libgcc.a(_clz.o)
                0x00800068                __clz_tab
 *(.data*)
 .data.SetTemp  0x00800168        0x1 ./Project.o
                0x00800168                SetTemp
 .data.UpButton
                0x00800169        0x1 ./Project.o
                0x00800169                UpButton
 .data.DownButton
                0x0080016a        0x1 ./Project.o
                0x0080016a                DownButton
 .data.ON_OFF_Button
                0x0080016b        0x1 ./Project.o
                0x0080016b                ON_OFF_Button
 .data.Count.1547
                0x0080016c        0x1 ./Project.o
 *(.rodata)
 *(.rodata*)
 *(.gnu.linkonce.d*)
                0x0080016e                . = ALIGN (0x2)
 *fill*         0x0080016d        0x1 00
                0x0080016e                _edata = .
                0x0080016e                PROVIDE (__data_end, .)

.bss            0x0080016e       0x18
                0x0080016e                PROVIDE (__bss_start, .)
 *(.bss)
 .bss           0x0080016e        0x0 f:/amit_embeded_systems/emb_prog/sdk_win_64/sdk_win_64/winavr/bin/../lib/gcc/avr/4.3.3/../../../../avr/lib/avr5/crtm16.o
 .bss           0x0080016e        0x0 ./ADC_Program.o
 .bss           0x0080016e        0x0 ./DIO_Program.o
 .bss           0x0080016e        0x0 ./EEPROM_Program.o
 .bss           0x0080016e        0x0 ./EXTI_Program.o
 .bss           0x0080016e        0x0 ./GIE_Program.o
 .bss           0x0080016e        0x0 ./ON_OFF_Button_Program.o
 .bss           0x0080016e        0x0 ./Project.o
 .bss           0x0080016e        0x0 ./SevenSegment_Program.o
 .bss           0x0080016e        0x0 ./TIMER1_Program.o
 .bss           0x0080016e        0x0 ./TIMER_Program.o
 .bss           0x0080016e        0x0 ./TWI_Program.o
 .bss           0x0080016e        0x0 ./main.o
 .bss           0x0080016e        0x0 f:/amit_embeded_systems/emb_prog/sdk_win_64/sdk_win_64/winavr/bin/../lib/gcc/avr/4.3.3/avr5\libgcc.a(_udivmodqi4.o)
 .bss           0x0080016e        0x0 f:/amit_embeded_systems/emb_prog/sdk_win_64/sdk_win_64/winavr/bin/../lib/gcc/avr/4.3.3/avr5\libgcc.a(_udivmodhi4.o)
 .bss           0x0080016e        0x0 f:/amit_embeded_systems/emb_prog/sdk_win_64/sdk_win_64/winavr/bin/../lib/gcc/avr/4.3.3/avr5\libgcc.a(_divmodhi4.o)
 .bss           0x0080016e        0x0 f:/amit_embeded_systems/emb_prog/sdk_win_64/sdk_win_64/winavr/bin/../lib/gcc/avr/4.3.3/avr5\libgcc.a(_exit.o)
 .bss           0x0080016e        0x0 f:/amit_embeded_systems/emb_prog/sdk_win_64/sdk_win_64/winavr/bin/../lib/gcc/avr/4.3.3/avr5\libgcc.a(_copy_data.o)
 .bss           0x0080016e        0x0 f:/amit_embeded_systems/emb_prog/sdk_win_64/sdk_win_64/winavr/bin/../lib/gcc/avr/4.3.3/avr5\libgcc.a(_clear_bss.o)
 .bss           0x0080016e        0x0 f:/amit_embeded_systems/emb_prog/sdk_win_64/sdk_win_64/winavr/bin/../lib/gcc/avr/4.3.3/avr5\libgcc.a(_fixunssfsi.o)
 .bss           0x0080016e        0x0 f:/amit_embeded_systems/emb_prog/sdk_win_64/sdk_win_64/winavr/bin/../lib/gcc/avr/4.3.3/avr5\libgcc.a(_addsub_sf.o)
 .bss           0x0080016e        0x0 f:/amit_embeded_systems/emb_prog/sdk_win_64/sdk_win_64/winavr/bin/../lib/gcc/avr/4.3.3/avr5\libgcc.a(_mul_sf.o)
 .bss           0x0080016e        0x0 f:/amit_embeded_systems/emb_prog/sdk_win_64/sdk_win_64/winavr/bin/../lib/gcc/avr/4.3.3/avr5\libgcc.a(_div_sf.o)
 .bss           0x0080016e        0x0 f:/amit_embeded_systems/emb_prog/sdk_win_64/sdk_win_64/winavr/bin/../lib/gcc/avr/4.3.3/avr5\libgcc.a(_gt_sf.o)
 .bss           0x0080016e        0x0 f:/amit_embeded_systems/emb_prog/sdk_win_64/sdk_win_64/winavr/bin/../lib/gcc/avr/4.3.3/avr5\libgcc.a(_ge_sf.o)
 .bss           0x0080016e        0x0 f:/amit_embeded_systems/emb_prog/sdk_win_64/sdk_win_64/winavr/bin/../lib/gcc/avr/4.3.3/avr5\libgcc.a(_lt_sf.o)
 .bss           0x0080016e        0x0 f:/amit_embeded_systems/emb_prog/sdk_win_64/sdk_win_64/winavr/bin/../lib/gcc/avr/4.3.3/avr5\libgcc.a(_sf_to_si.o)
 .bss           0x0080016e        0x0 f:/amit_embeded_systems/emb_prog/sdk_win_64/sdk_win_64/winavr/bin/../lib/gcc/avr/4.3.3/avr5\libgcc.a(_thenan_sf.o)
 .bss           0x0080016e        0x0 f:/amit_embeded_systems/emb_prog/sdk_win_64/sdk_win_64/winavr/bin/../lib/gcc/avr/4.3.3/avr5\libgcc.a(_usi_to_sf.o)
 .bss           0x0080016e        0x0 f:/amit_embeded_systems/emb_prog/sdk_win_64/sdk_win_64/winavr/bin/../lib/gcc/avr/4.3.3/avr5\libgcc.a(_prologue.o)
 .bss           0x0080016e        0x0 f:/amit_embeded_systems/emb_prog/sdk_win_64/sdk_win_64/winavr/bin/../lib/gcc/avr/4.3.3/avr5\libgcc.a(_epilogue.o)
 .bss           0x0080016e        0x0 f:/amit_embeded_systems/emb_prog/sdk_win_64/sdk_win_64/winavr/bin/../lib/gcc/avr/4.3.3/avr5\libgcc.a(_clzsi2.o)
 .bss           0x0080016e        0x0 f:/amit_embeded_systems/emb_prog/sdk_win_64/sdk_win_64/winavr/bin/../lib/gcc/avr/4.3.3/avr5\libgcc.a(_pack_sf.o)
 .bss           0x0080016e        0x0 f:/amit_embeded_systems/emb_prog/sdk_win_64/sdk_win_64/winavr/bin/../lib/gcc/avr/4.3.3/avr5\libgcc.a(_unpack_sf.o)
 .bss           0x0080016e        0x0 f:/amit_embeded_systems/emb_prog/sdk_win_64/sdk_win_64/winavr/bin/../lib/gcc/avr/4.3.3/avr5\libgcc.a(_fpcmp_parts_sf.o)
 .bss           0x0080016e        0x0 f:/amit_embeded_systems/emb_prog/sdk_win_64/sdk_win_64/winavr/bin/../lib/gcc/avr/4.3.3/avr5\libgcc.a(_clz.o)
 *(.bss*)
 .bss.LastState_1
                0x0080016e        0x1 ./Project.o
                0x0080016e                LastState_1
 .bss.LastState_2
                0x0080016f        0x1 ./Project.o
                0x0080016f                LastState_2
 .bss.TempDisp  0x00800170        0x1 ./Project.o
                0x00800170                TempDisp
 .bss.Mode      0x00800171        0x1 ./Project.o
                0x00800171                Mode
 .bss.Flag1     0x00800172        0x2 ./Project.o
                0x00800172                Flag1
 .bss.Sensor_Reading
                0x00800174        0x4 ./Project.o
                0x00800174                Sensor_Reading
 .bss.Count_Readings.1597
                0x00800178        0x1 ./Project.o
 *(COMMON)
 COMMON         0x00800179        0x2 ./ADC_Program.o
                0x00800179                CallBackFun
 COMMON         0x0080017b        0x1 ./DIO_Program.o
                0x0080017b                Pin_Number
 COMMON         0x0080017c        0x6 ./EXTI_Program.o
                0x0080017c                CallBackFun2
                0x0080017e                CallBackFun0
                0x00800180                CallBackFun1
 COMMON         0x00800182        0x2 ./Project.o
                0x00800182                Display_num
                0x00800183                Flag
 COMMON         0x00800184        0x2 ./TIMER1_Program.o
                0x00800184                PReturnFun
                0x00800186                PROVIDE (__bss_end, .)
                0x0000324e                __data_load_start = LOADADDR (.data)
                0x0000335c                __data_load_end = (__data_load_start + SIZEOF (.data))

.noinit         0x00800186        0x0
                0x00800186                PROVIDE (__noinit_start, .)
 *(.noinit*)
                0x00800186                PROVIDE (__noinit_end, .)
                0x00800186                _end = .
                0x00800186                PROVIDE (__heap_start, .)

.eeprom         0x00810000        0x0
 *(.eeprom*)
                0x00810000                __eeprom_end = .

.fuse
 *(.fuse)
 *(.lfuse)
 *(.hfuse)
 *(.efuse)

.lock
 *(.lock*)

.signature
 *(.signature*)

.stab           0x00000000     0x34d4
 *(.stab)
 .stab          0x00000000      0x480 ./ADC_Program.o
 .stab          0x00000480      0x5dc ./DIO_Program.o
                                0x660 (size before relaxing)
 .stab          0x00000a5c      0x4d4 ./EEPROM_Program.o
                                0x558 (size before relaxing)
 .stab          0x00000f30      0x3b4 ./EXTI_Program.o
                                0x438 (size before relaxing)
 .stab          0x000012e4      0x144 ./GIE_Program.o
                                0x1c8 (size before relaxing)
 .stab          0x00001428      0x228 ./ON_OFF_Button_Program.o
                                0x450 (size before relaxing)
 .stab          0x00001650     0x1020 ./Project.o
                               0x1248 (size before relaxing)
 .stab          0x00002670      0x504 ./SevenSegment_Program.o
                                0x72c (size before relaxing)
 .stab          0x00002b74      0x264 ./TIMER1_Program.o
                                0x2e8 (size before relaxing)
 .stab          0x00002dd8      0x24c ./TIMER_Program.o
                                0x2d0 (size before relaxing)
 .stab          0x00003024      0x324 ./TWI_Program.o
                                0x54c (size before relaxing)
 .stab          0x00003348      0x18c ./main.o
                                0x228 (size before relaxing)

.stabstr        0x00000000     0x146f
 *(.stabstr)
 .stabstr       0x00000000     0x146f ./ADC_Program.o

.stab.excl
 *(.stab.excl)

.stab.exclstr
 *(.stab.exclstr)

.stab.index
 *(.stab.index)

.stab.indexstr
 *(.stab.indexstr)

.comment
 *(.comment)

.debug
 *(.debug)

.line
 *(.line)

.debug_srcinfo
 *(.debug_srcinfo)

.debug_sfnames
 *(.debug_sfnames)

.debug_aranges  0x00000000      0x1a0
 *(.debug_aranges)
 .debug_aranges
                0x00000000       0x20 f:/amit_embeded_systems/emb_prog/sdk_win_64/sdk_win_64/winavr/bin/../lib/gcc/avr/4.3.3/avr5\libgcc.a(_fixunssfsi.o)
 .debug_aranges
                0x00000020       0x20 f:/amit_embeded_systems/emb_prog/sdk_win_64/sdk_win_64/winavr/bin/../lib/gcc/avr/4.3.3/avr5\libgcc.a(_addsub_sf.o)
 .debug_aranges
                0x00000040       0x20 f:/amit_embeded_systems/emb_prog/sdk_win_64/sdk_win_64/winavr/bin/../lib/gcc/avr/4.3.3/avr5\libgcc.a(_mul_sf.o)
 .debug_aranges
                0x00000060       0x20 f:/amit_embeded_systems/emb_prog/sdk_win_64/sdk_win_64/winavr/bin/../lib/gcc/avr/4.3.3/avr5\libgcc.a(_div_sf.o)
 .debug_aranges
                0x00000080       0x20 f:/amit_embeded_systems/emb_prog/sdk_win_64/sdk_win_64/winavr/bin/../lib/gcc/avr/4.3.3/avr5\libgcc.a(_gt_sf.o)
 .debug_aranges
                0x000000a0       0x20 f:/amit_embeded_systems/emb_prog/sdk_win_64/sdk_win_64/winavr/bin/../lib/gcc/avr/4.3.3/avr5\libgcc.a(_ge_sf.o)
 .debug_aranges
                0x000000c0       0x20 f:/amit_embeded_systems/emb_prog/sdk_win_64/sdk_win_64/winavr/bin/../lib/gcc/avr/4.3.3/avr5\libgcc.a(_lt_sf.o)
 .debug_aranges
                0x000000e0       0x20 f:/amit_embeded_systems/emb_prog/sdk_win_64/sdk_win_64/winavr/bin/../lib/gcc/avr/4.3.3/avr5\libgcc.a(_sf_to_si.o)
 .debug_aranges
                0x00000100       0x20 f:/amit_embeded_systems/emb_prog/sdk_win_64/sdk_win_64/winavr/bin/../lib/gcc/avr/4.3.3/avr5\libgcc.a(_usi_to_sf.o)
 .debug_aranges
                0x00000120       0x20 f:/amit_embeded_systems/emb_prog/sdk_win_64/sdk_win_64/winavr/bin/../lib/gcc/avr/4.3.3/avr5\libgcc.a(_clzsi2.o)
 .debug_aranges
                0x00000140       0x20 f:/amit_embeded_systems/emb_prog/sdk_win_64/sdk_win_64/winavr/bin/../lib/gcc/avr/4.3.3/avr5\libgcc.a(_pack_sf.o)
 .debug_aranges
                0x00000160       0x20 f:/amit_embeded_systems/emb_prog/sdk_win_64/sdk_win_64/winavr/bin/../lib/gcc/avr/4.3.3/avr5\libgcc.a(_unpack_sf.o)
 .debug_aranges
                0x00000180       0x20 f:/amit_embeded_systems/emb_prog/sdk_win_64/sdk_win_64/winavr/bin/../lib/gcc/avr/4.3.3/avr5\libgcc.a(_fpcmp_parts_sf.o)

.debug_pubnames
                0x00000000      0x1f2
 *(.debug_pubnames)
 .debug_pubnames
                0x00000000       0x23 f:/amit_embeded_systems/emb_prog/sdk_win_64/sdk_win_64/winavr/bin/../lib/gcc/avr/4.3.3/avr5\libgcc.a(_fixunssfsi.o)
 .debug_pubnames
                0x00000023       0x2c f:/amit_embeded_systems/emb_prog/sdk_win_64/sdk_win_64/winavr/bin/../lib/gcc/avr/4.3.3/avr5\libgcc.a(_addsub_sf.o)
 .debug_pubnames
                0x0000004f       0x1f f:/amit_embeded_systems/emb_prog/sdk_win_64/sdk_win_64/winavr/bin/../lib/gcc/avr/4.3.3/avr5\libgcc.a(_mul_sf.o)
 .debug_pubnames
                0x0000006e       0x1f f:/amit_embeded_systems/emb_prog/sdk_win_64/sdk_win_64/winavr/bin/../lib/gcc/avr/4.3.3/avr5\libgcc.a(_div_sf.o)
 .debug_pubnames
                0x0000008d       0x1e f:/amit_embeded_systems/emb_prog/sdk_win_64/sdk_win_64/winavr/bin/../lib/gcc/avr/4.3.3/avr5\libgcc.a(_gt_sf.o)
 .debug_pubnames
                0x000000ab       0x1e f:/amit_embeded_systems/emb_prog/sdk_win_64/sdk_win_64/winavr/bin/../lib/gcc/avr/4.3.3/avr5\libgcc.a(_ge_sf.o)
 .debug_pubnames
                0x000000c9       0x1e f:/amit_embeded_systems/emb_prog/sdk_win_64/sdk_win_64/winavr/bin/../lib/gcc/avr/4.3.3/avr5\libgcc.a(_lt_sf.o)
 .debug_pubnames
                0x000000e7       0x20 f:/amit_embeded_systems/emb_prog/sdk_win_64/sdk_win_64/winavr/bin/../lib/gcc/avr/4.3.3/avr5\libgcc.a(_sf_to_si.o)
 .debug_pubnames
                0x00000107       0x22 f:/amit_embeded_systems/emb_prog/sdk_win_64/sdk_win_64/winavr/bin/../lib/gcc/avr/4.3.3/avr5\libgcc.a(_thenan_sf.o)
 .debug_pubnames
                0x00000129       0x24 f:/amit_embeded_systems/emb_prog/sdk_win_64/sdk_win_64/winavr/bin/../lib/gcc/avr/4.3.3/avr5\libgcc.a(_usi_to_sf.o)
 .debug_pubnames
                0x0000014d       0x1f f:/amit_embeded_systems/emb_prog/sdk_win_64/sdk_win_64/winavr/bin/../lib/gcc/avr/4.3.3/avr5\libgcc.a(_clzsi2.o)
 .debug_pubnames
                0x0000016c       0x1f f:/amit_embeded_systems/emb_prog/sdk_win_64/sdk_win_64/winavr/bin/../lib/gcc/avr/4.3.3/avr5\libgcc.a(_pack_sf.o)
 .debug_pubnames
                0x0000018b       0x21 f:/amit_embeded_systems/emb_prog/sdk_win_64/sdk_win_64/winavr/bin/../lib/gcc/avr/4.3.3/avr5\libgcc.a(_unpack_sf.o)
 .debug_pubnames
                0x000001ac       0x26 f:/amit_embeded_systems/emb_prog/sdk_win_64/sdk_win_64/winavr/bin/../lib/gcc/avr/4.3.3/avr5\libgcc.a(_fpcmp_parts_sf.o)
 .debug_pubnames
                0x000001d2       0x20 f:/amit_embeded_systems/emb_prog/sdk_win_64/sdk_win_64/winavr/bin/../lib/gcc/avr/4.3.3/avr5\libgcc.a(_clz.o)

.debug_info     0x00000000     0x240b
 *(.debug_info)
 .debug_info    0x00000000       0xb1 f:/amit_embeded_systems/emb_prog/sdk_win_64/sdk_win_64/winavr/bin/../lib/gcc/avr/4.3.3/avr5\libgcc.a(_fixunssfsi.o)
 .debug_info    0x000000b1      0x47a f:/amit_embeded_systems/emb_prog/sdk_win_64/sdk_win_64/winavr/bin/../lib/gcc/avr/4.3.3/avr5\libgcc.a(_addsub_sf.o)
 .debug_info    0x0000052b      0x485 f:/amit_embeded_systems/emb_prog/sdk_win_64/sdk_win_64/winavr/bin/../lib/gcc/avr/4.3.3/avr5\libgcc.a(_mul_sf.o)
 .debug_info    0x000009b0      0x3fc f:/amit_embeded_systems/emb_prog/sdk_win_64/sdk_win_64/winavr/bin/../lib/gcc/avr/4.3.3/avr5\libgcc.a(_div_sf.o)
 .debug_info    0x00000dac      0x27f f:/amit_embeded_systems/emb_prog/sdk_win_64/sdk_win_64/winavr/bin/../lib/gcc/avr/4.3.3/avr5\libgcc.a(_gt_sf.o)
 .debug_info    0x0000102b      0x27f f:/amit_embeded_systems/emb_prog/sdk_win_64/sdk_win_64/winavr/bin/../lib/gcc/avr/4.3.3/avr5\libgcc.a(_ge_sf.o)
 .debug_info    0x000012aa      0x27f f:/amit_embeded_systems/emb_prog/sdk_win_64/sdk_win_64/winavr/bin/../lib/gcc/avr/4.3.3/avr5\libgcc.a(_lt_sf.o)
 .debug_info    0x00001529      0x2b0 f:/amit_embeded_systems/emb_prog/sdk_win_64/sdk_win_64/winavr/bin/../lib/gcc/avr/4.3.3/avr5\libgcc.a(_sf_to_si.o)
 .debug_info    0x000017d9      0x12c f:/amit_embeded_systems/emb_prog/sdk_win_64/sdk_win_64/winavr/bin/../lib/gcc/avr/4.3.3/avr5\libgcc.a(_thenan_sf.o)
 .debug_info    0x00001905      0x206 f:/amit_embeded_systems/emb_prog/sdk_win_64/sdk_win_64/winavr/bin/../lib/gcc/avr/4.3.3/avr5\libgcc.a(_usi_to_sf.o)
 .debug_info    0x00001b0b      0x117 f:/amit_embeded_systems/emb_prog/sdk_win_64/sdk_win_64/winavr/bin/../lib/gcc/avr/4.3.3/avr5\libgcc.a(_clzsi2.o)
 .debug_info    0x00001c22      0x2df f:/amit_embeded_systems/emb_prog/sdk_win_64/sdk_win_64/winavr/bin/../lib/gcc/avr/4.3.3/avr5\libgcc.a(_pack_sf.o)
 .debug_info    0x00001f01      0x251 f:/amit_embeded_systems/emb_prog/sdk_win_64/sdk_win_64/winavr/bin/../lib/gcc/avr/4.3.3/avr5\libgcc.a(_unpack_sf.o)
 .debug_info    0x00002152      0x210 f:/amit_embeded_systems/emb_prog/sdk_win_64/sdk_win_64/winavr/bin/../lib/gcc/avr/4.3.3/avr5\libgcc.a(_fpcmp_parts_sf.o)
 .debug_info    0x00002362       0xa9 f:/amit_embeded_systems/emb_prog/sdk_win_64/sdk_win_64/winavr/bin/../lib/gcc/avr/4.3.3/avr5\libgcc.a(_clz.o)
 *(.gnu.linkonce.wi.*)

.debug_abbrev   0x00000000     0x1386
 *(.debug_abbrev)
 .debug_abbrev  0x00000000       0x5d f:/amit_embeded_systems/emb_prog/sdk_win_64/sdk_win_64/winavr/bin/../lib/gcc/avr/4.3.3/avr5\libgcc.a(_fixunssfsi.o)
 .debug_abbrev  0x0000005d      0x1ea f:/amit_embeded_systems/emb_prog/sdk_win_64/sdk_win_64/winavr/bin/../lib/gcc/avr/4.3.3/avr5\libgcc.a(_addsub_sf.o)
 .debug_abbrev  0x00000247      0x21b f:/amit_embeded_systems/emb_prog/sdk_win_64/sdk_win_64/winavr/bin/../lib/gcc/avr/4.3.3/avr5\libgcc.a(_mul_sf.o)
 .debug_abbrev  0x00000462      0x216 f:/amit_embeded_systems/emb_prog/sdk_win_64/sdk_win_64/winavr/bin/../lib/gcc/avr/4.3.3/avr5\libgcc.a(_div_sf.o)
 .debug_abbrev  0x00000678      0x15a f:/amit_embeded_systems/emb_prog/sdk_win_64/sdk_win_64/winavr/bin/../lib/gcc/avr/4.3.3/avr5\libgcc.a(_gt_sf.o)
 .debug_abbrev  0x000007d2      0x15a f:/amit_embeded_systems/emb_prog/sdk_win_64/sdk_win_64/winavr/bin/../lib/gcc/avr/4.3.3/avr5\libgcc.a(_ge_sf.o)
 .debug_abbrev  0x0000092c      0x15a f:/amit_embeded_systems/emb_prog/sdk_win_64/sdk_win_64/winavr/bin/../lib/gcc/avr/4.3.3/avr5\libgcc.a(_lt_sf.o)
 .debug_abbrev  0x00000a86      0x17f f:/amit_embeded_systems/emb_prog/sdk_win_64/sdk_win_64/winavr/bin/../lib/gcc/avr/4.3.3/avr5\libgcc.a(_sf_to_si.o)
 .debug_abbrev  0x00000c05       0xad f:/amit_embeded_systems/emb_prog/sdk_win_64/sdk_win_64/winavr/bin/../lib/gcc/avr/4.3.3/avr5\libgcc.a(_thenan_sf.o)
 .debug_abbrev  0x00000cb2      0x157 f:/amit_embeded_systems/emb_prog/sdk_win_64/sdk_win_64/winavr/bin/../lib/gcc/avr/4.3.3/avr5\libgcc.a(_usi_to_sf.o)
 .debug_abbrev  0x00000e09       0xc4 f:/amit_embeded_systems/emb_prog/sdk_win_64/sdk_win_64/winavr/bin/../lib/gcc/avr/4.3.3/avr5\libgcc.a(_clzsi2.o)
 .debug_abbrev  0x00000ecd      0x1c0 f:/amit_embeded_systems/emb_prog/sdk_win_64/sdk_win_64/winavr/bin/../lib/gcc/avr/4.3.3/avr5\libgcc.a(_pack_sf.o)
 .debug_abbrev  0x0000108d      0x154 f:/amit_embeded_systems/emb_prog/sdk_win_64/sdk_win_64/winavr/bin/../lib/gcc/avr/4.3.3/avr5\libgcc.a(_unpack_sf.o)
 .debug_abbrev  0x000011e1      0x13b f:/amit_embeded_systems/emb_prog/sdk_win_64/sdk_win_64/winavr/bin/../lib/gcc/avr/4.3.3/avr5\libgcc.a(_fpcmp_parts_sf.o)
 .debug_abbrev  0x0000131c       0x6a f:/amit_embeded_systems/emb_prog/sdk_win_64/sdk_win_64/winavr/bin/../lib/gcc/avr/4.3.3/avr5\libgcc.a(_clz.o)

.debug_line     0x00000000     0x11d6
 *(.debug_line)
 .debug_line    0x00000000       0xa7 f:/amit_embeded_systems/emb_prog/sdk_win_64/sdk_win_64/winavr/bin/../lib/gcc/avr/4.3.3/avr5\libgcc.a(_fixunssfsi.o)
 .debug_line    0x000000a7      0x2af f:/amit_embeded_systems/emb_prog/sdk_win_64/sdk_win_64/winavr/bin/../lib/gcc/avr/4.3.3/avr5\libgcc.a(_addsub_sf.o)
 .debug_line    0x00000356      0x239 f:/amit_embeded_systems/emb_prog/sdk_win_64/sdk_win_64/winavr/bin/../lib/gcc/avr/4.3.3/avr5\libgcc.a(_mul_sf.o)
 .debug_line    0x0000058f      0x1d5 f:/amit_embeded_systems/emb_prog/sdk_win_64/sdk_win_64/winavr/bin/../lib/gcc/avr/4.3.3/avr5\libgcc.a(_div_sf.o)
 .debug_line    0x00000764       0xd3 f:/amit_embeded_systems/emb_prog/sdk_win_64/sdk_win_64/winavr/bin/../lib/gcc/avr/4.3.3/avr5\libgcc.a(_gt_sf.o)
 .debug_line    0x00000837       0xd3 f:/amit_embeded_systems/emb_prog/sdk_win_64/sdk_win_64/winavr/bin/../lib/gcc/avr/4.3.3/avr5\libgcc.a(_ge_sf.o)
 .debug_line    0x0000090a       0xd3 f:/amit_embeded_systems/emb_prog/sdk_win_64/sdk_win_64/winavr/bin/../lib/gcc/avr/4.3.3/avr5\libgcc.a(_lt_sf.o)
 .debug_line    0x000009dd      0x109 f:/amit_embeded_systems/emb_prog/sdk_win_64/sdk_win_64/winavr/bin/../lib/gcc/avr/4.3.3/avr5\libgcc.a(_sf_to_si.o)
 .debug_line    0x00000ae6       0x90 f:/amit_embeded_systems/emb_prog/sdk_win_64/sdk_win_64/winavr/bin/../lib/gcc/avr/4.3.3/avr5\libgcc.a(_thenan_sf.o)
 .debug_line    0x00000b76      0x133 f:/amit_embeded_systems/emb_prog/sdk_win_64/sdk_win_64/winavr/bin/../lib/gcc/avr/4.3.3/avr5\libgcc.a(_usi_to_sf.o)
 .debug_line    0x00000ca9       0xa5 f:/amit_embeded_systems/emb_prog/sdk_win_64/sdk_win_64/winavr/bin/../lib/gcc/avr/4.3.3/avr5\libgcc.a(_clzsi2.o)
 .debug_line    0x00000d4e      0x18a f:/amit_embeded_systems/emb_prog/sdk_win_64/sdk_win_64/winavr/bin/../lib/gcc/avr/4.3.3/avr5\libgcc.a(_pack_sf.o)
 .debug_line    0x00000ed8      0x14b f:/amit_embeded_systems/emb_prog/sdk_win_64/sdk_win_64/winavr/bin/../lib/gcc/avr/4.3.3/avr5\libgcc.a(_unpack_sf.o)
 .debug_line    0x00001023      0x137 f:/amit_embeded_systems/emb_prog/sdk_win_64/sdk_win_64/winavr/bin/../lib/gcc/avr/4.3.3/avr5\libgcc.a(_fpcmp_parts_sf.o)
 .debug_line    0x0000115a       0x7c f:/amit_embeded_systems/emb_prog/sdk_win_64/sdk_win_64/winavr/bin/../lib/gcc/avr/4.3.3/avr5\libgcc.a(_clz.o)

.debug_frame    0x00000000      0x1c0
 *(.debug_frame)
 .debug_frame   0x00000000       0x20 f:/amit_embeded_systems/emb_prog/sdk_win_64/sdk_win_64/winavr/bin/../lib/gcc/avr/4.3.3/avr5\libgcc.a(_fixunssfsi.o)
 .debug_frame   0x00000020       0x40 f:/amit_embeded_systems/emb_prog/sdk_win_64/sdk_win_64/winavr/bin/../lib/gcc/avr/4.3.3/avr5\libgcc.a(_addsub_sf.o)
 .debug_frame   0x00000060       0x20 f:/amit_embeded_systems/emb_prog/sdk_win_64/sdk_win_64/winavr/bin/../lib/gcc/avr/4.3.3/avr5\libgcc.a(_mul_sf.o)
 .debug_frame   0x00000080       0x20 f:/amit_embeded_systems/emb_prog/sdk_win_64/sdk_win_64/winavr/bin/../lib/gcc/avr/4.3.3/avr5\libgcc.a(_div_sf.o)
 .debug_frame   0x000000a0       0x20 f:/amit_embeded_systems/emb_prog/sdk_win_64/sdk_win_64/winavr/bin/../lib/gcc/avr/4.3.3/avr5\libgcc.a(_gt_sf.o)
 .debug_frame   0x000000c0       0x20 f:/amit_embeded_systems/emb_prog/sdk_win_64/sdk_win_64/winavr/bin/../lib/gcc/avr/4.3.3/avr5\libgcc.a(_ge_sf.o)
 .debug_frame   0x000000e0       0x20 f:/amit_embeded_systems/emb_prog/sdk_win_64/sdk_win_64/winavr/bin/../lib/gcc/avr/4.3.3/avr5\libgcc.a(_lt_sf.o)
 .debug_frame   0x00000100       0x20 f:/amit_embeded_systems/emb_prog/sdk_win_64/sdk_win_64/winavr/bin/../lib/gcc/avr/4.3.3/avr5\libgcc.a(_sf_to_si.o)
 .debug_frame   0x00000120       0x20 f:/amit_embeded_systems/emb_prog/sdk_win_64/sdk_win_64/winavr/bin/../lib/gcc/avr/4.3.3/avr5\libgcc.a(_usi_to_sf.o)
 .debug_frame   0x00000140       0x20 f:/amit_embeded_systems/emb_prog/sdk_win_64/sdk_win_64/winavr/bin/../lib/gcc/avr/4.3.3/avr5\libgcc.a(_clzsi2.o)
 .debug_frame   0x00000160       0x20 f:/amit_embeded_systems/emb_prog/sdk_win_64/sdk_win_64/winavr/bin/../lib/gcc/avr/4.3.3/avr5\libgcc.a(_pack_sf.o)
 .debug_frame   0x00000180       0x20 f:/amit_embeded_systems/emb_prog/sdk_win_64/sdk_win_64/winavr/bin/../lib/gcc/avr/4.3.3/avr5\libgcc.a(_unpack_sf.o)
 .debug_frame   0x000001a0       0x20 f:/amit_embeded_systems/emb_prog/sdk_win_64/sdk_win_64/winavr/bin/../lib/gcc/avr/4.3.3/avr5\libgcc.a(_fpcmp_parts_sf.o)

.debug_str      0x00000000      0x2f6
 *(.debug_str)
 .debug_str     0x00000000       0xbf f:/amit_embeded_systems/emb_prog/sdk_win_64/sdk_win_64/winavr/bin/../lib/gcc/avr/4.3.3/avr5\libgcc.a(_fixunssfsi.o)
                                 0xfe (size before relaxing)
 .debug_str     0x000000bf      0x14d f:/amit_embeded_systems/emb_prog/sdk_win_64/sdk_win_64/winavr/bin/../lib/gcc/avr/4.3.3/avr5\libgcc.a(_addsub_sf.o)
                                0x206 (size before relaxing)
 .debug_str     0x0000020c       0x27 f:/amit_embeded_systems/emb_prog/sdk_win_64/sdk_win_64/winavr/bin/../lib/gcc/avr/4.3.3/avr5\libgcc.a(_mul_sf.o)
                                0x1bf (size before relaxing)
 .debug_str     0x00000233       0x35 f:/amit_embeded_systems/emb_prog/sdk_win_64/sdk_win_64/winavr/bin/../lib/gcc/avr/4.3.3/avr5\libgcc.a(_div_sf.o)
                                0x1c8 (size before relaxing)
 .debug_str     0x00000268        0x8 f:/amit_embeded_systems/emb_prog/sdk_win_64/sdk_win_64/winavr/bin/../lib/gcc/avr/4.3.3/avr5\libgcc.a(_gt_sf.o)
                                0x195 (size before relaxing)
 .debug_str     0x00000270        0x8 f:/amit_embeded_systems/emb_prog/sdk_win_64/sdk_win_64/winavr/bin/../lib/gcc/avr/4.3.3/avr5\libgcc.a(_ge_sf.o)
                                0x195 (size before relaxing)
 .debug_str     0x00000278        0x8 f:/amit_embeded_systems/emb_prog/sdk_win_64/sdk_win_64/winavr/bin/../lib/gcc/avr/4.3.3/avr5\libgcc.a(_lt_sf.o)
                                0x195 (size before relaxing)
 .debug_str     0x00000280        0xa f:/amit_embeded_systems/emb_prog/sdk_win_64/sdk_win_64/winavr/bin/../lib/gcc/avr/4.3.3/avr5\libgcc.a(_sf_to_si.o)
                                0x19e (size before relaxing)
 .debug_str     0x00000000      0x103 f:/amit_embeded_systems/emb_prog/sdk_win_64/sdk_win_64/winavr/bin/../lib/gcc/avr/4.3.3/avr5\libgcc.a(_thenan_sf.o)
 .debug_str     0x0000028a       0x21 f:/amit_embeded_systems/emb_prog/sdk_win_64/sdk_win_64/winavr/bin/../lib/gcc/avr/4.3.3/avr5\libgcc.a(_usi_to_sf.o)
                                0x177 (size before relaxing)
 .debug_str     0x000002ab       0x20 f:/amit_embeded_systems/emb_prog/sdk_win_64/sdk_win_64/winavr/bin/../lib/gcc/avr/4.3.3/avr5\libgcc.a(_clzsi2.o)
                                0x111 (size before relaxing)
 .debug_str     0x000002cb       0x10 f:/amit_embeded_systems/emb_prog/sdk_win_64/sdk_win_64/winavr/bin/../lib/gcc/avr/4.3.3/avr5\libgcc.a(_pack_sf.o)
                                0x19d (size before relaxing)
 .debug_str     0x000002db        0xb f:/amit_embeded_systems/emb_prog/sdk_win_64/sdk_win_64/winavr/bin/../lib/gcc/avr/4.3.3/avr5\libgcc.a(_unpack_sf.o)
                                0x17f (size before relaxing)
 .debug_str     0x000002e6       0x10 f:/amit_embeded_systems/emb_prog/sdk_win_64/sdk_win_64/winavr/bin/../lib/gcc/avr/4.3.3/avr5\libgcc.a(_fpcmp_parts_sf.o)
                                0x163 (size before relaxing)
 .debug_str     0x00000000       0xf4 f:/amit_embeded_systems/emb_prog/sdk_win_64/sdk_win_64/winavr/bin/../lib/gcc/avr/4.3.3/avr5\libgcc.a(_clz.o)

.debug_loc      0x00000000      0x96e
 *(.debug_loc)
 .debug_loc     0x00000000       0x34 f:/amit_embeded_systems/emb_prog/sdk_win_64/sdk_win_64/winavr/bin/../lib/gcc/avr/4.3.3/avr5\libgcc.a(_fixunssfsi.o)
 .debug_loc     0x00000034      0x32a f:/amit_embeded_systems/emb_prog/sdk_win_64/sdk_win_64/winavr/bin/../lib/gcc/avr/4.3.3/avr5\libgcc.a(_addsub_sf.o)
 .debug_loc     0x0000035e      0x104 f:/amit_embeded_systems/emb_prog/sdk_win_64/sdk_win_64/winavr/bin/../lib/gcc/avr/4.3.3/avr5\libgcc.a(_mul_sf.o)
 .debug_loc     0x00000462       0xc0 f:/amit_embeded_systems/emb_prog/sdk_win_64/sdk_win_64/winavr/bin/../lib/gcc/avr/4.3.3/avr5\libgcc.a(_div_sf.o)
 .debug_loc     0x00000522       0x3c f:/amit_embeded_systems/emb_prog/sdk_win_64/sdk_win_64/winavr/bin/../lib/gcc/avr/4.3.3/avr5\libgcc.a(_gt_sf.o)
 .debug_loc     0x0000055e       0x3c f:/amit_embeded_systems/emb_prog/sdk_win_64/sdk_win_64/winavr/bin/../lib/gcc/avr/4.3.3/avr5\libgcc.a(_ge_sf.o)
 .debug_loc     0x0000059a       0x3c f:/amit_embeded_systems/emb_prog/sdk_win_64/sdk_win_64/winavr/bin/../lib/gcc/avr/4.3.3/avr5\libgcc.a(_lt_sf.o)
 .debug_loc     0x000005d6       0x7e f:/amit_embeded_systems/emb_prog/sdk_win_64/sdk_win_64/winavr/bin/../lib/gcc/avr/4.3.3/avr5\libgcc.a(_sf_to_si.o)
 .debug_loc     0x00000654       0x4c f:/amit_embeded_systems/emb_prog/sdk_win_64/sdk_win_64/winavr/bin/../lib/gcc/avr/4.3.3/avr5\libgcc.a(_usi_to_sf.o)
 .debug_loc     0x000006a0       0x94 f:/amit_embeded_systems/emb_prog/sdk_win_64/sdk_win_64/winavr/bin/../lib/gcc/avr/4.3.3/avr5\libgcc.a(_clzsi2.o)
 .debug_loc     0x00000734      0x13e f:/amit_embeded_systems/emb_prog/sdk_win_64/sdk_win_64/winavr/bin/../lib/gcc/avr/4.3.3/avr5\libgcc.a(_pack_sf.o)
 .debug_loc     0x00000872       0xac f:/amit_embeded_systems/emb_prog/sdk_win_64/sdk_win_64/winavr/bin/../lib/gcc/avr/4.3.3/avr5\libgcc.a(_unpack_sf.o)
 .debug_loc     0x0000091e       0x50 f:/amit_embeded_systems/emb_prog/sdk_win_64/sdk_win_64/winavr/bin/../lib/gcc/avr/4.3.3/avr5\libgcc.a(_fpcmp_parts_sf.o)

.debug_macinfo
 *(.debug_macinfo)
OUTPUT(Electric_Water_Heating.elf elf32-avr)
LOAD linker stubs

.debug_ranges   0x00000000       0x50
 .debug_ranges  0x00000000       0x50 f:/amit_embeded_systems/emb_prog/sdk_win_64/sdk_win_64/winavr/bin/../lib/gcc/avr/4.3.3/avr5\libgcc.a(_mul_sf.o)
